🔌 [DC-BACKEND] Environment: DEVELOPMENT
🔌 [DC-BACKEND] Backend URL: http://127.0.0.1:8000
🔑 Build ID: 1790822250021
🔑 Build ID: 1790822250099
✅ Static server running at http://0.0.0.0:5000/
📂 [DC_PATH_DEBUG] __dirname: C:\Users\Lenovo\Desktop\SAAS\MyntReal_Latest\frontend
📂 [DC_PATH_DEBUG] process.cwd(): C:\Users\Lenovo\Desktop\SAAS\MyntReal_Latest\frontend
📂 [DC_PATH_DEBUG] staff_login.html exists: true
📝 Available routes:
   / or /user -> Dashboard redirect
   /dashboard -> Main dashboard
   /user/awards -> Awards page
   /user/field-allowances -> Field allowances page
   /rvz/dashboard -> RVZ Supreme Admin Dashboard
   /login -> Login page
🎯 RVZ Features: 55 endpoints available
   User Management | Brand/Level Control | Payments
   Package Mgmt | Data Reset | System Controls
👁️  [DC_CACHE] HTML file watcher active — edits take effect immediately
✅ Secondary static server running at http://0.0.0.0:3000/
📦 [DC_CACHE] Preloaded 426 root HTML files
📦 [DC_CACHE] Preloaded 17 template HTML files
📦 [DC_CACHE] Preloaded 8 files from templates/rvz/
📦 [DC_CACHE] Preloaded 9 files from templates/vgk/
📦 [DC_CACHE] Preloaded public/landing.html
📦 [DC_CACHE] Total cached: 461 HTML files
🔄 [DC_CACHE] Cache invalidated: b2b_signup.html (will reload from disk on next request)
❌ Error rendering tenant landing page: TypeError: fetch failed
    at node:internal/deps/undici/undici:15445:13
    at process.processTicksAndRejections (node:internal/process/task_queues:105:5)
    at async Server.<anonymous> (C:\Users\Lenovo\Desktop\SAAS\MyntReal_Latest\frontend\server.js:7683:28) {
  [cause]: Error: connect ECONNREFUSED 127.0.0.1:8000
      at TCPConnectWrap.afterConnect [as oncomplete] (node:net:1637:16) {
    errno: -4078,
    code: 'ECONNREFUSED',
    syscall: 'connect',
    address: '127.0.0.1',
    port: 8000
  }
}
✅ Serving static file: /public/css/mobile-responsive.css
[DC-PROXY-API-1790822822104-0.388570780925104] ⚠️ Host 127.0.0.1:8000 failed: connect ECONNREFUSED 127.0.0.1:8000
[DC-PROXY-API-1790822822104-0.388570780925104] Retry 1/2 after 500ms for /api/v1/platform-b2b/commercial-catalog
✅ Serving static file: /public/js/dc-draft-manager.js
✅ Serving static file: /public/vgk4u-logo-100.png
[DC-PROXY-API-1790822822104-0.388570780925104] ⚠️ Host 127.0.0.1:8000 failed: connect ECONNREFUSED 127.0.0.1:8000
[DC-PROXY-API-1790822822104-0.388570780925104] Retry 2/2 after 1000ms for /api/v1/platform-b2b/commercial-catalog
[DC-PROXY-API-1790822822104-0.388570780925104] ⚠️ Host 127.0.0.1:8000 failed: connect ECONNREFUSED 127.0.0.1:8000
[DC-PROXY-API-1790822822104-0.388570780925104] ❌ Connection failed: connect ECONNREFUSED 127.0.0.1:8000
🔄 [DC_CACHE] Cache invalidated: b2b_signup.html (will reload from disk on next request)
🔄 [DC_CACHE] Cache invalidated: delete-account.html (will reload from disk on next request)
🔄 [DC_CACHE] Cache invalidated: privacy-policy.html (will reload from disk on next request)
✅ Serving static file: /public/css/mobile-responsive.css
✅ Serving static file: /public/js/dc-draft-manager.js
[DC-PROXY-API-1790824601377-0.3549611109001495] ✅ Connected to 127.0.0.1:8000
🔄 [DC_CACHE] Cache invalidated: staff_vgk_members.html (will reload from disk on next request)
🔄 [DC_CACHE] Cache invalidated: b2b_signup.html (will reload from disk on next request)
🔄 [DC_CACHE] Cache invalidated: saas_login.html (will reload from disk on next request)
🔄 [DC_CACHE] Cache invalidated: saas_signup.html (will reload from disk on next request)
🔄 [DC_CACHE] Cache invalidated: saas_workspace.html (will reload from disk on next request)
🔄 [DC_CACHE] Cache invalidated: saas_admin.html (will reload from disk on next request)
🔄 [DC_CACHE] Cache invalidated: staff_saas_crm_settings.html (will reload from disk on next request)
🔄 [DC_CACHE] Cache invalidated: staff_my_tenant.html (will reload from disk on next request)
🔄 [DC_CACHE] Cache invalidated: staff_tenant_users.html (will reload from disk on next request)
✅ Serving static file: /public/js/zynova-brand-config.js
✅ Serving static file: /public/zynova-os-logo.png
✅ Serving static file: /public/css/mobile-responsive.css
✅ Serving static file: /public/js/dc-draft-manager.js
✅ Serving static file: /public/favicon.png
✅ Serving static file: /public/favicon.ico
[DC-PROXY-API-1790825630593-0.21956205441301835] ✅ Connected to 127.0.0.1:8000
✅ Serving static file: /public/js/zynova-brand-config.js
✅ Serving static file: /public/css/mobile-responsive.css
✅ Serving static file: /public/js/dc-draft-manager.js
[DC-PROXY-API-1790825633658-0.5400699268388363] ✅ Connected to 127.0.0.1:8000
🔄 [DC_CACHE] Cache invalidated: admin_awards.html (will reload from disk on next request)
🔄 [DC_CACHE] Cache invalidated: admin_awards_all.html (will reload from disk on next request)
🔄 [DC_CACHE] Cache invalidated: admin_awards_awardwise.html (will reload from disk on next request)
🔄 [DC_CACHE] Cache invalidated: admin_awards_bonanza.html (will reload from disk on next request)
🔄 [DC_CACHE] Cache invalidated: admin_awards_simple.html (will reload from disk on next request)
🔄 [DC_CACHE] Cache invalidated: admin_awards_userwise.html (will reload from disk on next request)
🔄 [DC_CACHE] Cache invalidated: admin_bank_all.html (will reload from disk on next request)
🔄 [DC_CACHE] Cache invalidated: admin_bank_pending.html (will reload from disk on next request)
🔄 [DC_CACHE] Cache invalidated: admin_banners_management.html (will reload from disk on next request)
🔄 [DC_CACHE] Cache invalidated: admin_birthdays.html (will reload from disk on next request)
🔄 [DC_CACHE] Cache invalidated: admin_coupons_activate.html (will reload from disk on next request)
🔄 [DC_CACHE] Cache invalidated: admin_coupons_buy.html (will reload from disk on next request)
🔄 [DC_CACHE] Cache invalidated: admin_coupons_progress.html (will reload from disk on next request)
🔄 [DC_CACHE] Cache invalidated: admin_coupons_status.html (will reload from disk on next request)
🔄 [DC_CACHE] Cache invalidated: admin_coupons_transfer.html (will reload from disk on next request)
🔄 [DC_CACHE] Cache invalidated: admin_data_recovery.html (will reload from disk on next request)
🔄 [DC_CACHE] Cache invalidated: admin_delete_management.html (will reload from disk on next request)
🔄 [DC_CACHE] Cache invalidated: admin_earnings_direct.html (will reload from disk on next request)
🔄 [DC_CACHE] Cache invalidated: admin_earnings_gurudakshina.html (will reload from disk on next request)
🔄 [DC_CACHE] Cache invalidated: admin_earnings_matching.html (will reload from disk on next request)
🔄 [DC_CACHE] Cache invalidated: admin_earnings_summary_new.html (will reload from disk on next request)
🔄 [DC_CACHE] Cache invalidated: admin_earnings_ved.html (will reload from disk on next request)
🔄 [DC_CACHE] Cache invalidated: admin_earnings_withdrawals.html (will reload from disk on next request)
🔄 [DC_CACHE] Cache invalidated: admin_emergency_wallet.html (will reload from disk on next request)
🔄 [DC_CACHE] Cache invalidated: admin_ev_benefit_analytics.html (will reload from disk on next request)
🔄 [DC_CACHE] Cache invalidated: admin_feedback_pending.html (will reload from disk on next request)
🔄 [DC_CACHE] Cache invalidated: admin_income_pending.html (will reload from disk on next request)
🔄 [DC_CACHE] Cache invalidated: admin_income_verified.html (will reload from disk on next request)
🔄 [DC_CACHE] Cache invalidated: admin_kyc_management.html (will reload from disk on next request)
🔄 [DC_CACHE] Cache invalidated: admin_members_all.html (will reload from disk on next request)
🔄 [DC_CACHE] Cache invalidated: admin_members_direct.html (will reload from disk on next request)
🔄 [DC_CACHE] Cache invalidated: admin_members_picture.html (will reload from disk on next request)
🔄 [DC_CACHE] Cache invalidated: admin_members_ved.html (will reload from disk on next request)
🔄 [DC_CACHE] Cache invalidated: admin_password_reset.html (will reload from disk on next request)
🔄 [DC_CACHE] Cache invalidated: admin_popups.html (will reload from disk on next request)
🔄 [DC_CACHE] Cache invalidated: admin_reports.html (will reload from disk on next request)
🔄 [DC_CACHE] Cache invalidated: admin_tickets_assigned.html (will reload from disk on next request)
🔄 [DC_CACHE] Cache invalidated: admin_tickets_management.html (will reload from disk on next request)
🔄 [DC_CACHE] Cache invalidated: admin_users.html (will reload from disk on next request)
🔄 [DC_CACHE] Cache invalidated: admin_user_status.html (will reload from disk on next request)
🔄 [DC_CACHE] Cache invalidated: admin_vgk_all-benefits.html (will reload from disk on next request)
🔄 [DC_CACHE] Cache invalidated: admin_vgk_ev-discount-training.html (will reload from disk on next request)
🔄 [DC_CACHE] Cache invalidated: admin_vgk_fleet-orders.html (will reload from disk on next request)
🔄 [DC_CACHE] Cache invalidated: admin_vgk_franchise-earnings.html (will reload from disk on next request)
🔄 [DC_CACHE] Cache invalidated: admin_vgk_insurance-earnings.html (will reload from disk on next request)
🔄 [DC_CACHE] Cache invalidated: admin_vgk_referral-income.html (will reload from disk on next request)
🔄 [DC_CACHE] Cache invalidated: admin_view_announcements.html (will reload from disk on next request)
🔄 [DC_CACHE] Cache invalidated: architecture_view.html (will reload from disk on next request)
🔄 [DC_CACHE] Cache invalidated: catalog.html (will reload from disk on next request)
🔄 [DC_CACHE] Cache invalidated: catalog_single_page.html (will reload from disk on next request)
🔄 [DC_CACHE] Cache invalidated: b2b_signup.html (will reload from disk on next request)
🔄 [DC_CACHE] Cache invalidated: staff_accounts_companies.html (will reload from disk on next request)
🔄 [DC_CACHE] Cache invalidated: staff_ved_members.html (will reload from disk on next request)
✅ Serving static file: /public/js/zynova-brand-config.js
✅ Serving static file: /public/css/mobile-responsive.css
✅ Serving static file: /public/js/dc-draft-manager.js
✅ Serving static file: /public/zynova-os-icon.png
[DC-PROXY-API-1790828077386-0.13110167718063737] ✅ Connected to 127.0.0.1:8000
[DC-PROXY-API-1790838486816-0.0362926286321138] ✅ Connected to 127.0.0.1:8000
🔄 [DC_CACHE] Cache invalidated: b2b_signup.html (will reload from disk on next request)
🔄 [DC_CACHE] Cache invalidated: community_landing.html (will reload from disk on next request)
🔄 [DC_CACHE] Cache invalidated: contact.html (will reload from disk on next request)
🔄 [DC_CACHE] Cache invalidated: dashboard.html (will reload from disk on next request)
🔄 [DC_CACHE] Cache invalidated: docs_access.html (will reload from disk on next request)
🔄 [DC_CACHE] Cache invalidated: etc_training_catalog.html (will reload from disk on next request)
🔄 [DC_CACHE] Cache invalidated: ev_b2c_pricing_catalog.html (will reload from disk on next request)
🔄 [DC_CACHE] Cache invalidated: ev_spares_catalog.html (will reload from disk on next request)
🔄 [DC_CACHE] Cache invalidated: finance_admin_pins.html (will reload from disk on next request)
🔄 [DC_CACHE] Cache invalidated: finance_awards_payment_processing.html (will reload from disk on next request)
🔄 [DC_CACHE] Cache invalidated: finance_awards_payment_v2.html (will reload from disk on next request)
🔄 [DC_CACHE] Cache invalidated: finance_compliance.html (will reload from disk on next request)
🔄 [DC_CACHE] Cache invalidated: finance_cost_analysis.html (will reload from disk on next request)
🔄 [DC_CACHE] Cache invalidated: finance_tds_management.html (will reload from disk on next request)
🔄 [DC_CACHE] Cache invalidated: guc.html (will reload from disk on next request)
🔄 [DC_CACHE] Cache invalidated: hub_pricing_catalog.html (will reload from disk on next request)
🔄 [DC_CACHE] Cache invalidated: industrial_hub_catalog.html (will reload from disk on next request)
🔄 [DC_CACHE] Cache invalidated: insurance_catalog.html (will reload from disk on next request)
🔄 [DC_CACHE] Cache invalidated: lead-share.html (will reload from disk on next request)
🔄 [DC_CACHE] Cache invalidated: lead-status-share.html (will reload from disk on next request)
🔄 [DC_CACHE] Cache invalidated: marketplace.html (will reload from disk on next request)
🔄 [DC_CACHE] Cache invalidated: mnr_guide.html (will reload from disk on next request)
🔄 [DC_CACHE] Cache invalidated: mnr_my_commissions.html (will reload from disk on next request)
🔄 [DC_CACHE] Cache invalidated: mnr_user_guide.html (will reload from disk on next request)
🔄 [DC_CACHE] Cache invalidated: mnr_validation.html (will reload from disk on next request)
🔄 [DC_CACHE] Cache invalidated: order_fulfillment_dashboard.html (will reload from disk on next request)
🔄 [DC_CACHE] Cache invalidated: partner_change_password.html (will reload from disk on next request)
🔄 [DC_CACHE] Cache invalidated: partner_commissions.html (will reload from disk on next request)
🔄 [DC_CACHE] Cache invalidated: partner_dashboard.html (will reload from disk on next request)
🔄 [DC_CACHE] Cache invalidated: partner_dispatch.html (will reload from disk on next request)
🔄 [DC_CACHE] Cache invalidated: partner_invoices.html (will reload from disk on next request)
🔄 [DC_CACHE] Cache invalidated: partner_kyc_documents.html (will reload from disk on next request)
🔄 [DC_CACHE] Cache invalidated: partner_login.html (will reload from disk on next request)
🔄 [DC_CACHE] Cache invalidated: partner_marketplace.html (will reload from disk on next request)
🔄 [DC_CACHE] Cache invalidated: partner_master.html (will reload from disk on next request)
🔄 [DC_CACHE] Cache invalidated: partner_my_leads.html (will reload from disk on next request)
🔄 [DC_CACHE] Cache invalidated: partner_orders.html (will reload from disk on next request)
🔄 [DC_CACHE] Cache invalidated: partner_order_approval.html (will reload from disk on next request)
🔄 [DC_CACHE] Cache invalidated: partner_order_routing.html (will reload from disk on next request)
🔄 [DC_CACHE] Cache invalidated: partner_payments.html (will reload from disk on next request)
🔄 [DC_CACHE] Cache invalidated: partner_portal_invoices.html (will reload from disk on next request)
🔄 [DC_CACHE] Cache invalidated: partner_portal_orders.html (will reload from disk on next request)
🔄 [DC_CACHE] Cache invalidated: partner_portal_payments.html (will reload from disk on next request)
🔄 [DC_CACHE] Cache invalidated: partner_pricing.html (will reload from disk on next request)
🔄 [DC_CACHE] Cache invalidated: partner_purchases.html (will reload from disk on next request)
🔄 [DC_CACHE] Cache invalidated: partner_revenue_dashboard.html (will reload from disk on next request)
🔄 [DC_CACHE] Cache invalidated: partner_sales_invoices.html (will reload from disk on next request)
🔄 [DC_CACHE] Cache invalidated: partner_service.html (will reload from disk on next request)
🔄 [DC_CACHE] Cache invalidated: partner_solar_vendor.html (will reload from disk on next request)
🔄 [DC_CACHE] Cache invalidated: partner_spare_orders.html (will reload from disk on next request)
🔄 [DC_CACHE] Cache invalidated: partner_stock.html (will reload from disk on next request)
🔄 [DC_CACHE] Cache invalidated: partner_support.html (will reload from disk on next request)
🔄 [DC_CACHE] Cache invalidated: partner_vendor_returns.html (will reload from disk on next request)
🔄 [DC_CACHE] Cache invalidated: partner_walkins.html (will reload from disk on next request)
🔄 [DC_CACHE] Cache invalidated: promo_dashboard.html (will reload from disk on next request)
🔄 [DC_CACHE] Cache invalidated: promo_login.html (will reload from disk on next request)
🔄 [DC_CACHE] Cache invalidated: public_announcement.html (will reload from disk on next request)
🔄 [DC_CACHE] Cache invalidated: public_partner.html (will reload from disk on next request)
🔄 [DC_CACHE] Cache invalidated: public_service_ticket.html (will reload from disk on next request)
🔄 [DC_CACHE] Cache invalidated: public_ticket_status.html (will reload from disk on next request)
🔄 [DC_CACHE] Cache invalidated: real_dreams_catalog.html (will reload from disk on next request)
🔄 [DC_CACHE] Cache invalidated: real_dreams_compare.html (will reload from disk on next request)
🔄 [DC_CACHE] Cache invalidated: real_dreams_marketplace.html (will reload from disk on next request)
🔄 [DC_CACHE] Cache invalidated: real_dreams_property_detail.html (will reload from disk on next request)
🔄 [DC_CACHE] Cache invalidated: rvz_banners_management.html (will reload from disk on next request)
🔄 [DC_CACHE] Cache invalidated: rvz_banners_standalone.html (will reload from disk on next request)
🔄 [DC_CACHE] Cache invalidated: rvz_crm_leads.html (will reload from disk on next request)
🔄 [DC_CACHE] Cache invalidated: rvz_department_management.html (will reload from disk on next request)
🔄 [DC_CACHE] Cache invalidated: rvz_menu_access_config.html (will reload from disk on next request)
🔄 [DC_CACHE] Cache invalidated: rvz_real_dreams_banners.html (will reload from disk on next request)
🔄 [DC_CACHE] Cache invalidated: rvz_real_dreams_dashboard.html (will reload from disk on next request)
🔄 [DC_CACHE] Cache invalidated: rvz_real_dreams_marketplace.html (will reload from disk on next request)
🔄 [DC_CACHE] Cache invalidated: rvz_real_dreams_partners.html (will reload from disk on next request)
🔄 [DC_CACHE] Cache invalidated: rvz_real_dreams_properties.html (will reload from disk on next request)
🔄 [DC_CACHE] Cache invalidated: rvz_sales_revenue.html (will reload from disk on next request)
🔄 [DC_CACHE] Cache invalidated: solar-terms.html (will reload from disk on next request)
🔄 [DC_CACHE] Cache invalidated: solar.html (will reload from disk on next request)
🔄 [DC_CACHE] Cache invalidated: solar_pricing_catalog.html (will reload from disk on next request)
🔄 [DC_CACHE] Cache invalidated: staff_2fa_settings.html (will reload from disk on next request)
🔄 [DC_CACHE] Cache invalidated: staff_accounts_bom.html (will reload from disk on next request)
🔄 [DC_CACHE] Cache invalidated: staff_accounts_capital.html (will reload from disk on next request)
🔄 [DC_CACHE] Cache invalidated: staff_accounts_cash_in_hand.html (will reload from disk on next request)
🔄 [DC_CACHE] Cache invalidated: staff_accounts_community_services.html (will reload from disk on next request)
🔄 [DC_CACHE] Cache invalidated: staff_accounts_dar.html (will reload from disk on next request)
🔄 [DC_CACHE] Cache invalidated: staff_accounts_duties_taxes.html (will reload from disk on next request)
🔄 [DC_CACHE] Cache invalidated: staff_accounts_estimations.html (will reload from disk on next request)
🔄 [DC_CACHE] Cache invalidated: staff_accounts_expense_categories.html (will reload from disk on next request)
🔄 [DC_CACHE] Cache invalidated: staff_accounts_expense_entries.html (will reload from disk on next request)
🔄 [DC_CACHE] Cache invalidated: staff_accounts_fund_allocations.html (will reload from disk on next request)
🔄 [DC_CACHE] Cache invalidated: staff_accounts_general_ledger.html (will reload from disk on next request)
🔄 [DC_CACHE] Cache invalidated: staff_accounts_hsn.html (will reload from disk on next request)
🔄 [DC_CACHE] Cache invalidated: staff_accounts_income_entries.html (will reload from disk on next request)
🔄 [DC_CACHE] Cache invalidated: staff_accounts_journal_voucher.html (will reload from disk on next request)
🔄 [DC_CACHE] Cache invalidated: staff_accounts_ledger_masters.html (will reload from disk on next request)
🔄 [DC_CACHE] Cache invalidated: staff_accounts_manufacturing.html (will reload from disk on next request)
🔄 [DC_CACHE] Cache invalidated: staff_accounts_parties_master.html (will reload from disk on next request)
🔄 [DC_CACHE] Cache invalidated: staff_accounts_party_ledger.html (will reload from disk on next request)
🔄 [DC_CACHE] Cache invalidated: staff_accounts_payables.html (will reload from disk on next request)
🔄 [DC_CACHE] Cache invalidated: staff_accounts_pending_clear.html (will reload from disk on next request)
🔄 [DC_CACHE] Cache invalidated: staff_accounts_pricing.html (will reload from disk on next request)
🔄 [DC_CACHE] Cache invalidated: staff_accounts_procurement.html (will reload from disk on next request)
🔄 [DC_CACHE] Cache invalidated: staff_accounts_purchase_invoices.html (will reload from disk on next request)
🔄 [DC_CACHE] Cache invalidated: staff_accounts_receivables.html (will reload from disk on next request)
🔄 [DC_CACHE] Cache invalidated: staff_accounts_reports.html (will reload from disk on next request)
🔄 [DC_CACHE] Cache invalidated: staff_accounts_sales_invoices.html (will reload from disk on next request)
🔄 [DC_CACHE] Cache invalidated: staff_accounts_segments.html (will reload from disk on next request)
🔄 [DC_CACHE] Cache invalidated: staff_accounts_stock_items.html (will reload from disk on next request)
🔄 [DC_CACHE] Cache invalidated: staff_accounts_vendors.html (will reload from disk on next request)
🔄 [DC_CACHE] Cache invalidated: staff_ai_calling.html (will reload from disk on next request)
🔄 [DC_CACHE] Cache invalidated: staff_ai_marketing_pro.html (will reload from disk on next request)
🔄 [DC_CACHE] Cache invalidated: staff_ai_segments.html (will reload from disk on next request)
🔄 [DC_CACHE] Cache invalidated: staff_all_journeys.html (will reload from disk on next request)
🔄 [DC_CACHE] Cache invalidated: staff_attendance_computation.html (will reload from disk on next request)
🔄 [DC_CACHE] Cache invalidated: staff_attendance_exceptions.html (will reload from disk on next request)
🔄 [DC_CACHE] Cache invalidated: staff_attendance_reports.html (will reload from disk on next request)
🔄 [DC_CACHE] Cache invalidated: staff_attendance_sheet.html (will reload from disk on next request)
🔄 [DC_CACHE] Cache invalidated: staff_audit_logs.html (will reload from disk on next request)
🔄 [DC_CACHE] Cache invalidated: staff_b2b_clients.html (will reload from disk on next request)
🔄 [DC_CACHE] Cache invalidated: staff_bank_wise_leads.html (will reload from disk on next request)
🔄 [DC_CACHE] Cache invalidated: staff_call_flow_studio.html (will reload from disk on next request)
🔄 [DC_CACHE] Cache invalidated: staff_call_management.html (will reload from disk on next request)
🔄 [DC_CACHE] Cache invalidated: staff_call_quality.html (will reload from disk on next request)
🔄 [DC_CACHE] Cache invalidated: staff_catalog_library.html (will reload from disk on next request)
🔄 [DC_CACHE] Cache invalidated: staff_change_password.html (will reload from disk on next request)
🔄 [DC_CACHE] Cache invalidated: staff_configuration_a1top.html (will reload from disk on next request)
🔄 [DC_CACHE] Cache invalidated: staff_configuration_razorpay.html (will reload from disk on next request)
🔄 [DC_CACHE] Cache invalidated: staff_configuration_scope.html (will reload from disk on next request)
🔄 [DC_CACHE] Cache invalidated: staff_consolidated.html (will reload from disk on next request)
🔄 [DC_CACHE] Cache invalidated: staff_coupon_status.html (will reload from disk on next request)
🔄 [DC_CACHE] Cache invalidated: staff_crm_dashboard.html (will reload from disk on next request)
🔄 [DC_CACHE] Cache invalidated: staff_crm_dashboard_backup.html (will reload from disk on next request)
🔄 [DC_CACHE] Cache invalidated: staff_crm_team_leads.html (will reload from disk on next request)
🔄 [DC_CACHE] Cache invalidated: staff_crm_whatsapp_bot.html (will reload from disk on next request)
🔄 [DC_CACHE] Cache invalidated: staff_crm_whatsapp_inbox.html (will reload from disk on next request)
🔄 [DC_CACHE] Cache invalidated: staff_dashboard.html (will reload from disk on next request)
🔄 [DC_CACHE] Cache invalidated: staff_day_planner.html (will reload from disk on next request)
🔄 [DC_CACHE] Cache invalidated: staff_day_planner_guide.html (will reload from disk on next request)
🔄 [DC_CACHE] Cache invalidated: staff_day_planner_manager.html (will reload from disk on next request)
🔄 [DC_CACHE] Cache invalidated: staff_departments.html (will reload from disk on next request)
🔄 [DC_CACHE] Cache invalidated: staff_dialer.html (will reload from disk on next request)
🔄 [DC_CACHE] Cache invalidated: staff_employees.html (will reload from disk on next request)
🔄 [DC_CACHE] Cache invalidated: staff_employee_directory.html (will reload from disk on next request)
🔄 [DC_CACHE] Cache invalidated: staff_etc_students.html (will reload from disk on next request)
🔄 [DC_CACHE] Cache invalidated: staff_executive_dashboard.html (will reload from disk on next request)
🔄 [DC_CACHE] Cache invalidated: staff_field_appointments.html (will reload from disk on next request)
🔄 [DC_CACHE] Cache invalidated: staff_hr_candidates.html (will reload from disk on next request)
🔄 [DC_CACHE] Cache invalidated: staff_hr_job_postings.html (will reload from disk on next request)
🔄 [DC_CACHE] Cache invalidated: staff_incentives_approvals.html (will reload from disk on next request)
🔄 [DC_CACHE] Cache invalidated: staff_incentives_points.html (will reload from disk on next request)
🔄 [DC_CACHE] Cache invalidated: staff_incentives_vgk4u.html (will reload from disk on next request)
🔄 [DC_CACHE] Cache invalidated: staff_incentive_source.html (will reload from disk on next request)
🔄 [DC_CACHE] Cache invalidated: staff_income_trigger.html (will reload from disk on next request)
🔄 [DC_CACHE] Cache invalidated: staff_incoming_calls.html (will reload from disk on next request)
🔄 [DC_CACHE] Cache invalidated: staff_integrations.html (will reload from disk on next request)
🔄 [DC_CACHE] Cache invalidated: staff_inventory_accessories.html (will reload from disk on next request)
🔄 [DC_CACHE] Cache invalidated: staff_inventory_color_sheet.html (will reload from disk on next request)
🔄 [DC_CACHE] Cache invalidated: staff_inventory_intake.html (will reload from disk on next request)
🔄 [DC_CACHE] Cache invalidated: staff_inventory_stock_ledger.html (will reload from disk on next request)
🔄 [DC_CACHE] Cache invalidated: staff_inventory_stock_transfers.html (will reload from disk on next request)
🔄 [DC_CACHE] Cache invalidated: staff_inventory_stock_validation.html (will reload from disk on next request)
🔄 [DC_CACHE] Cache invalidated: staff_kra_review.html (will reload from disk on next request)
🔄 [DC_CACHE] Cache invalidated: staff_kra_status.html (will reload from disk on next request)
🔄 [DC_CACHE] Cache invalidated: staff_kra_templates.html (will reload from disk on next request)
🔄 [DC_CACHE] Cache invalidated: staff_kra_tracking_sheet.html (will reload from disk on next request)
🔄 [DC_CACHE] Cache invalidated: staff_kyc_approvals.html (will reload from disk on next request)
🔄 [DC_CACHE] Cache invalidated: staff_leads.html (will reload from disk on next request)
🔄 [DC_CACHE] Cache invalidated: staff_lead_category.html (will reload from disk on next request)
🔄 [DC_CACHE] Cache invalidated: staff_lead_sources.html (will reload from disk on next request)
🔄 [DC_CACHE] Cache invalidated: staff_lead_sync.html (will reload from disk on next request)
🔄 [DC_CACHE] Cache invalidated: staff_leave_approvals.html (will reload from disk on next request)
🔄 [DC_CACHE] Cache invalidated: staff_login.html (will reload from disk on next request)
🔄 [DC_CACHE] Cache invalidated: staff_marketplace_codes_segments.html (will reload from disk on next request)
🔄 [DC_CACHE] Cache invalidated: staff_marketplace_config.html (will reload from disk on next request)
🔄 [DC_CACHE] Cache invalidated: staff_meta_ads_center.html (will reload from disk on next request)
🔄 [DC_CACHE] Cache invalidated: staff_meta_ai_agent.html (will reload from disk on next request)
🔄 [DC_CACHE] Cache invalidated: staff_meta_campaigns.html (will reload from disk on next request)
🔄 [DC_CACHE] Cache invalidated: staff_meta_creative_studio.html (will reload from disk on next request)
🔄 [DC_CACHE] Cache invalidated: staff_meta_leads.html (will reload from disk on next request)
🔄 [DC_CACHE] Cache invalidated: staff_meta_settings.html (will reload from disk on next request)
🔄 [DC_CACHE] Cache invalidated: staff_mnr_announcements_view.html (will reload from disk on next request)
🔄 [DC_CACHE] Cache invalidated: staff_mnr_leads_master.html (will reload from disk on next request)
🔄 [DC_CACHE] Cache invalidated: staff_my_attendance.html (will reload from disk on next request)
🔄 [DC_CACHE] Cache invalidated: staff_my_incentives.html (will reload from disk on next request)
🔄 [DC_CACHE] Cache invalidated: staff_my_journeys.html (will reload from disk on next request)
🔄 [DC_CACHE] Cache invalidated: staff_my_kras.html (will reload from disk on next request)
🔄 [DC_CACHE] Cache invalidated: staff_my_kyc.html (will reload from disk on next request)
🔄 [DC_CACHE] Cache invalidated: staff_my_leads.html (will reload from disk on next request)
🔄 [DC_CACHE] Cache invalidated: staff_my_leaves.html (will reload from disk on next request)
🔄 [DC_CACHE] Cache invalidated: staff_my_location_history.html (will reload from disk on next request)
🔄 [DC_CACHE] Cache invalidated: staff_my_reimbursement_claims.html (will reload from disk on next request)
🔄 [DC_CACHE] Cache invalidated: staff_my_timesheet.html (will reload from disk on next request)
🔄 [DC_CACHE] Cache invalidated: staff_my_vgk_registrations.html (will reload from disk on next request)
🔄 [DC_CACHE] Cache invalidated: staff_nda_acceptance_audit.html (will reload from disk on next request)
🔄 [DC_CACHE] Cache invalidated: staff_nda_editor.html (will reload from disk on next request)
🔄 [DC_CACHE] Cache invalidated: staff_nda_pending.html (will reload from disk on next request)
🔄 [DC_CACHE] Cache invalidated: staff_nda_versions.html (will reload from disk on next request)
🔄 [DC_CACHE] Cache invalidated: staff_offboarding.html (will reload from disk on next request)
🔄 [DC_CACHE] Cache invalidated: staff_operator_calls.html (will reload from disk on next request)
🔄 [DC_CACHE] Cache invalidated: staff_page_registry.html (will reload from disk on next request)
🔄 [DC_CACHE] Cache invalidated: staff_partner_sales.html (will reload from disk on next request)
🔄 [DC_CACHE] Cache invalidated: staff_partner_stock.html (will reload from disk on next request)
🔄 [DC_CACHE] Cache invalidated: staff_partner_walkins.html (will reload from disk on next request)
🔄 [DC_CACHE] Cache invalidated: staff_performance_config.html (will reload from disk on next request)
🔄 [DC_CACHE] Cache invalidated: staff_platform_setup_guide.html (will reload from disk on next request)
🔄 [DC_CACHE] Cache invalidated: staff_progress.html (will reload from disk on next request)
🔄 [DC_CACHE] Cache invalidated: staff_promoters.html (will reload from disk on next request)
🔄 [DC_CACHE] Cache invalidated: staff_promo_nda_audit.html (will reload from disk on next request)
🔄 [DC_CACHE] Cache invalidated: staff_promo_nda_editor.html (will reload from disk on next request)
🔄 [DC_CACHE] Cache invalidated: staff_reimbursement_approval.html (will reload from disk on next request)
🔄 [DC_CACHE] Cache invalidated: staff_sales_report.html (will reload from disk on next request)
🔄 [DC_CACHE] Cache invalidated: staff_service_center_revenue.html (will reload from disk on next request)
🔄 [DC_CACHE] Cache invalidated: staff_service_center_tracking.html (will reload from disk on next request)
🔄 [DC_CACHE] Cache invalidated: staff_service_dashboard.html (will reload from disk on next request)
🔄 [DC_CACHE] Cache invalidated: staff_service_performance.html (will reload from disk on next request)
🔄 [DC_CACHE] Cache invalidated: staff_service_procurement.html (will reload from disk on next request)
🔄 [DC_CACHE] Cache invalidated: staff_service_queue.html (will reload from disk on next request)
🔄 [DC_CACHE] Cache invalidated: staff_service_raise_ticket.html (will reload from disk on next request)
🔄 [DC_CACHE] Cache invalidated: staff_service_reports.html (will reload from disk on next request)
🔄 [DC_CACHE] Cache invalidated: staff_service_ticket_guide.html (will reload from disk on next request)
🔄 [DC_CACHE] Cache invalidated: staff_session_guide.html (will reload from disk on next request)
🔄 [DC_CACHE] Cache invalidated: staff_settings.html (will reload from disk on next request)
🔄 [DC_CACHE] Cache invalidated: staff_sidebar_sync.html (will reload from disk on next request)
🔄 [DC_CACHE] Cache invalidated: staff_signup_categories.html (will reload from disk on next request)
🔄 [DC_CACHE] Cache invalidated: staff_snapshot.html (will reload from disk on next request)
🔄 [DC_CACHE] Cache invalidated: staff_softphone_hub.html (will reload from disk on next request)
🔄 [DC_CACHE] Cache invalidated: staff_solar_vendors.html (will reload from disk on next request)
🔄 [DC_CACHE] Cache invalidated: staff_tasks_assigned_by_me.html (will reload from disk on next request)
🔄 [DC_CACHE] Cache invalidated: staff_tasks_assigned_to_me.html (will reload from disk on next request)
🔄 [DC_CACHE] Cache invalidated: staff_task_review.html (will reload from disk on next request)
🔄 [DC_CACHE] Cache invalidated: staff_task_tracker.html (will reload from disk on next request)
🔄 [DC_CACHE] Cache invalidated: staff_team_activities.html (will reload from disk on next request)
🔄 [DC_CACHE] Cache invalidated: staff_team_attendance.html (will reload from disk on next request)
🔄 [DC_CACHE] Cache invalidated: staff_team_attendance_summary.html (will reload from disk on next request)
🔄 [DC_CACHE] Cache invalidated: staff_team_journeys.html (will reload from disk on next request)
🔄 [DC_CACHE] Cache invalidated: staff_team_leads.html (will reload from disk on next request)
🔄 [DC_CACHE] Cache invalidated: staff_team_leads_consolidated.html (will reload from disk on next request)
🔄 [DC_CACHE] Cache invalidated: staff_team_location_tracker.html (will reload from disk on next request)
🔄 [DC_CACHE] Cache invalidated: staff_testing_req.html (will reload from disk on next request)
🔄 [DC_CACHE] Cache invalidated: staff_timesheet_approval.html (will reload from disk on next request)
🔄 [DC_CACHE] Cache invalidated: staff_training_videos.html (will reload from disk on next request)
🔄 [DC_CACHE] Cache invalidated: staff_validation.html (will reload from disk on next request)
🔄 [DC_CACHE] Cache invalidated: staff_vendor_returns.html (will reload from disk on next request)
🔄 [DC_CACHE] Cache invalidated: staff_vgk4u_insurance.html (will reload from disk on next request)
🔄 [DC_CACHE] Cache invalidated: staff_vgk4u_journeys.html (will reload from disk on next request)
🔄 [DC_CACHE] Cache invalidated: staff_vgk4u_po.html (will reload from disk on next request)
🔄 [DC_CACHE] Cache invalidated: staff_vgk4u_real_estate.html (will reload from disk on next request)
🔄 [DC_CACHE] Cache invalidated: staff_vgk_config.html (will reload from disk on next request)
🔄 [DC_CACHE] Cache invalidated: staff_vgk_coupons.html (will reload from disk on next request)
🔄 [DC_CACHE] Cache invalidated: staff_vgk_income.html (will reload from disk on next request)
🔄 [DC_CACHE] Cache invalidated: staff_vgk_media.html (will reload from disk on next request)
🔄 [DC_CACHE] Cache invalidated: staff_vgk_promo_codes.html (will reload from disk on next request)
🔄 [DC_CACHE] Cache invalidated: staff_vgk_vendors.html (will reload from disk on next request)
🔄 [DC_CACHE] Cache invalidated: staff_vgk_vendor_categories.html (will reload from disk on next request)
🔄 [DC_CACHE] Cache invalidated: staff_vgk_vendor_detail.html (will reload from disk on next request)
🔄 [DC_CACHE] Cache invalidated: staff_vgk_vendor_products.html (will reload from disk on next request)
🔄 [DC_CACHE] Cache invalidated: staff_vgk_vendor_transactions.html (will reload from disk on next request)
🔄 [DC_CACHE] Cache invalidated: staff_website_assets.html (will reload from disk on next request)
🔄 [DC_CACHE] Cache invalidated: staff_whatsapp_center.html (will reload from disk on next request)
🔄 [DC_CACHE] Cache invalidated: staff_whatsapp_config.html (will reload from disk on next request)
🔄 [DC_CACHE] Cache invalidated: staff_whatsapp_inbox.html (will reload from disk on next request)
🔄 [DC_CACHE] Cache invalidated: staff_whatsapp_monitor.html (will reload from disk on next request)
🔄 [DC_CACHE] Cache invalidated: superadmin_awards_simple.html (will reload from disk on next request)
🔄 [DC_CACHE] Cache invalidated: superadmin_global_config.html (will reload from disk on next request)
🔄 [DC_CACHE] Cache invalidated: superadmin_password_reset.html (will reload from disk on next request)
🔄 [DC_CACHE] Cache invalidated: superadmin_placement_approvals.html (will reload from disk on next request)
🔄 [DC_CACHE] Cache invalidated: superadmin_red_id_oversight.html (will reload from disk on next request)
🔄 [DC_CACHE] Cache invalidated: superadmin_system_health.html (will reload from disk on next request)
🔄 [DC_CACHE] Cache invalidated: super_admin_awards_approval.html (will reload from disk on next request)
🔄 [DC_CACHE] Cache invalidated: team_leads.html (will reload from disk on next request)
🔄 [DC_CACHE] Cache invalidated: terms.html (will reload from disk on next request)
🔄 [DC_CACHE] Cache invalidated: test_categories.html (will reload from disk on next request)
🔄 [DC_CACHE] Cache invalidated: test_landing.html (will reload from disk on next request)
🔄 [DC_CACHE] Cache invalidated: test_login.html (will reload from disk on next request)
🔄 [DC_CACHE] Cache invalidated: test_partner_login.html (will reload from disk on next request)
🔄 [DC_CACHE] Cache invalidated: test_staff_login.html (will reload from disk on next request)
🔄 [DC_CACHE] Cache invalidated: user_announcements.html (will reload from disk on next request)
🔄 [DC_CACHE] Cache invalidated: user_change_password.html (will reload from disk on next request)
🔄 [DC_CACHE] Cache invalidated: user_coupon_benefits.html (will reload from disk on next request)
🔄 [DC_CACHE] Cache invalidated: user_daywise_income.html (will reload from disk on next request)
🔄 [DC_CACHE] Cache invalidated: user_direct_referral.html (will reload from disk on next request)
🔄 [DC_CACHE] Cache invalidated: user_earnings.html (will reload from disk on next request)
🔄 [DC_CACHE] Cache invalidated: user_ev_benefits.html (will reload from disk on next request)
🔄 [DC_CACHE] Cache invalidated: user_ev_discount.html (will reload from disk on next request)
🔄 [DC_CACHE] Cache invalidated: user_feedback_submit.html (will reload from disk on next request)
🔄 [DC_CACHE] Cache invalidated: user_franchise_earnings.html (will reload from disk on next request)
🔄 [DC_CACHE] Cache invalidated: user_guru_dakshina.html (will reload from disk on next request)
🔄 [DC_CACHE] Cache invalidated: user_matching_referral.html (will reload from disk on next request)
🔄 [DC_CACHE] Cache invalidated: user_my_announcements.html (will reload from disk on next request)
🔄 [DC_CACHE] Cache invalidated: user_my_announcements_approved.html (will reload from disk on next request)
🔄 [DC_CACHE] Cache invalidated: user_my_announcements_pending.html (will reload from disk on next request)
🔄 [DC_CACHE] Cache invalidated: user_my_announcements_rejected.html (will reload from disk on next request)
🔄 [DC_CACHE] Cache invalidated: user_my_leads.html (will reload from disk on next request)
🔄 [DC_CACHE] Cache invalidated: user_my_submissions.html (will reload from disk on next request)
🔄 [DC_CACHE] Cache invalidated: user_points_utilisation.html (will reload from disk on next request)
🔄 [DC_CACHE] Cache invalidated: user_tickets.html (will reload from disk on next request)
🔄 [DC_CACHE] Cache invalidated: user_vgk4u_insurance.html (will reload from disk on next request)
🔄 [DC_CACHE] Cache invalidated: user_vgk4u_my_leads.html (will reload from disk on next request)
🔄 [DC_CACHE] Cache invalidated: user_vgk4u_real_estate.html (will reload from disk on next request)
🔄 [DC_CACHE] Cache invalidated: user_vgk4u_training.html (will reload from disk on next request)
🔄 [DC_CACHE] Cache invalidated: user_withdrawals.html (will reload from disk on next request)
🔄 [DC_CACHE] Cache invalidated: vendor_login.html (will reload from disk on next request)
🔄 [DC_CACHE] Cache invalidated: vendor_portal.html (will reload from disk on next request)
🔄 [DC_CACHE] Cache invalidated: vendor_scan.html (will reload from disk on next request)
🔄 [DC_CACHE] Cache invalidated: vgk4u_catalog.html (will reload from disk on next request)
🔄 [DC_CACHE] Cache invalidated: vgk_awards_oversight.html (will reload from disk on next request)
🔄 [DC_CACHE] Cache invalidated: vgk_awards_procurement.html (will reload from disk on next request)
🔄 [DC_CACHE] Cache invalidated: vgk_bonanza_claims.html (will reload from disk on next request)
🔄 [DC_CACHE] Cache invalidated: vgk_bonanza_management.html (will reload from disk on next request)
🔄 [DC_CACHE] Cache invalidated: vgk_cash_income_accounts.html (will reload from disk on next request)
🔄 [DC_CACHE] Cache invalidated: vgk_cash_income_sales.html (will reload from disk on next request)
🔄 [DC_CACHE] Cache invalidated: vgk_categories.html (will reload from disk on next request)
🔄 [DC_CACHE] Cache invalidated: vgk_company_earnings.html (will reload from disk on next request)
🔄 [DC_CACHE] Cache invalidated: vgk_company_earnings_landing.html (will reload from disk on next request)
🔄 [DC_CACHE] Cache invalidated: vgk_compliance.html (will reload from disk on next request)
🔄 [DC_CACHE] Cache invalidated: vgk_dashboard.html (will reload from disk on next request)
🔄 [DC_CACHE] Cache invalidated: vgk_dc_shadow_mode.html (will reload from disk on next request)
🔄 [DC_CACHE] Cache invalidated: vgk_expenses_management.html (will reload from disk on next request)
🔄 [DC_CACHE] Cache invalidated: vgk_expense_details.html (will reload from disk on next request)
🔄 [DC_CACHE] Cache invalidated: vgk_finance_supreme.html (will reload from disk on next request)
🔄 [DC_CACHE] Cache invalidated: vgk_history_supreme.html (will reload from disk on next request)
🔄 [DC_CACHE] Cache invalidated: vgk_income_finance_complete.html (will reload from disk on next request)
🔄 [DC_CACHE] Cache invalidated: vgk_income_history.html (will reload from disk on next request)
🔄 [DC_CACHE] Cache invalidated: vgk_income_records.html (will reload from disk on next request)
🔄 [DC_CACHE] Cache invalidated: vgk_income_supreme.html (will reload from disk on next request)
🔄 [DC_CACHE] Cache invalidated: vgk_income_unified.html (will reload from disk on next request)
🔄 [DC_CACHE] Cache invalidated: vgk_login.html (will reload from disk on next request)
🔄 [DC_CACHE] Cache invalidated: vgk_member_announcements.html (will reload from disk on next request)
🔄 [DC_CACHE] Cache invalidated: vgk_member_awards.html (will reload from disk on next request)
🔄 [DC_CACHE] Cache invalidated: vgk_member_bank_details.html (will reload from disk on next request)
🔄 [DC_CACHE] Cache invalidated: vgk_member_birthdays.html (will reload from disk on next request)
🔄 [DC_CACHE] Cache invalidated: vgk_member_coupon_activate.html (will reload from disk on next request)
🔄 [DC_CACHE] Cache invalidated: vgk_member_coupon_benefits.html (will reload from disk on next request)
🔄 [DC_CACHE] Cache invalidated: vgk_member_coupon_progress.html (will reload from disk on next request)
🔄 [DC_CACHE] Cache invalidated: vgk_member_coupon_transfer.html (will reload from disk on next request)
🔄 [DC_CACHE] Cache invalidated: vgk_member_daywise_income.html (will reload from disk on next request)
🔄 [DC_CACHE] Cache invalidated: vgk_member_direct_summary.html (will reload from disk on next request)
🔄 [DC_CACHE] Cache invalidated: vgk_member_ev_benefits.html (will reload from disk on next request)
🔄 [DC_CACHE] Cache invalidated: vgk_member_ev_discount.html (will reload from disk on next request)
🔄 [DC_CACHE] Cache invalidated: vgk_member_feedback.html (will reload from disk on next request)
🔄 [DC_CACHE] Cache invalidated: vgk_member_franchise_earnings.html (will reload from disk on next request)
🔄 [DC_CACHE] Cache invalidated: vgk_member_guru_summary.html (will reload from disk on next request)
🔄 [DC_CACHE] Cache invalidated: vgk_member_income_types.html (will reload from disk on next request)
🔄 [DC_CACHE] Cache invalidated: vgk_member_insurance.html (will reload from disk on next request)
🔄 [DC_CACHE] Cache invalidated: vgk_member_kyc.html (will reload from disk on next request)
🔄 [DC_CACHE] Cache invalidated: vgk_member_matching_summary.html (will reload from disk on next request)
🔄 [DC_CACHE] Cache invalidated: vgk_member_my_announcements.html (will reload from disk on next request)
🔄 [DC_CACHE] Cache invalidated: vgk_member_my_submissions.html (will reload from disk on next request)
🔄 [DC_CACHE] Cache invalidated: vgk_member_offers.html (will reload from disk on next request)
🔄 [DC_CACHE] Cache invalidated: vgk_member_offers_telugu.html (will reload from disk on next request)
🔄 [DC_CACHE] Cache invalidated: vgk_member_profile_edit.html (will reload from disk on next request)
🔄 [DC_CACHE] Cache invalidated: vgk_member_settings.html (will reload from disk on next request)
🔄 [DC_CACHE] Cache invalidated: vgk_member_top_earners.html (will reload from disk on next request)
🔄 [DC_CACHE] Cache invalidated: vgk_member_training.html (will reload from disk on next request)
🔄 [DC_CACHE] Cache invalidated: vgk_member_ved_summary.html (will reload from disk on next request)
🔄 [DC_CACHE] Cache invalidated: vgk_password_change.html (will reload from disk on next request)
🔄 [DC_CACHE] Cache invalidated: vgk_payout_details.html (will reload from disk on next request)
🔄 [DC_CACHE] Cache invalidated: vgk_popup_control.html (will reload from disk on next request)
🔄 [DC_CACHE] Cache invalidated: vgk_revenue_details.html (will reload from disk on next request)
🔄 [DC_CACHE] Cache invalidated: vgk_sandbox_manager.html (will reload from disk on next request)
🔄 [DC_CACHE] Cache invalidated: vgk_secondary_password_setup.html (will reload from disk on next request)
🔄 [DC_CACHE] Cache invalidated: vgk_vendor_directory.html (will reload from disk on next request)
🔄 [DC_CACHE] Cache invalidated: vgk_wallet_withdrawals.html (will reload from disk on next request)
🔄 [DC_CACHE] Cache invalidated: vgk_withdrawal_supreme.html (will reload from disk on next request)
🔄 [DC_CACHE] Cache invalidated: _vgk_member_page_template.html (will reload from disk on next request)
🔄 [DC_CACHE] Cache invalidated: staff_mnr_awards_config.html (will reload from disk on next request)
🔄 [DC_CACHE] Cache invalidated: staff_mnr_awards_management.html (will reload from disk on next request)
🔄 [DC_CACHE] Cache invalidated: staff_mnr_field_allowances.html (will reload from disk on next request)
🔄 [DC_CACHE] Cache invalidated: staff_mnr_financial_statement.html (will reload from disk on next request)
🔄 [DC_CACHE] Cache invalidated: staff_mnr_income_unified.html (will reload from disk on next request)
🔄 [DC_CACHE] Cache invalidated: staff_mnr_user_allowances.html (will reload from disk on next request)
🔄 [DC_CACHE] Cache invalidated: staff_mnr_user_announcements.html (will reload from disk on next request)
🔄 [DC_CACHE] Cache invalidated: staff_mnr_user_audit.html (will reload from disk on next request)
🔄 [DC_CACHE] Cache invalidated: staff_mnr_user_awards.html (will reload from disk on next request)
🔄 [DC_CACHE] Cache invalidated: staff_mnr_user_coupons.html (will reload from disk on next request)
🔄 [DC_CACHE] Cache invalidated: staff_mnr_user_dashboard.html (will reload from disk on next request)
🔄 [DC_CACHE] Cache invalidated: staff_mnr_user_members.html (will reload from disk on next request)
🔄 [DC_CACHE] Cache invalidated: staff_mnr_user_mnr.html (will reload from disk on next request)
🔄 [DC_CACHE] Cache invalidated: staff_mnr_user_myntreal.html (will reload from disk on next request)
🔄 [DC_CACHE] Cache invalidated: staff_mnr_user_profile.html (will reload from disk on next request)
🔄 [DC_CACHE] Cache invalidated: staff_mnr_user_vgk4u.html (will reload from disk on next request)
🔄 [DC_CACHE] Cache invalidated: staff_sheets_import.html (will reload from disk on next request)
🔄 [DC_CACHE] Cache invalidated: awards_approval.html (will reload from disk on next request)
🔄 [DC_CACHE] Cache invalidated: awards_approval_OLD_BACKUP.html (will reload from disk on next request)
🔄 [DC_CACHE] Cache invalidated: bonanza_procurement.html (will reload from disk on next request)
🔄 [DC_CACHE] Cache invalidated: income_finance_complete.html (will reload from disk on next request)
🔄 [DC_CACHE] Cache invalidated: kyc_banking_approval.html (will reload from disk on next request)
🔄 [DC_CACHE] Cache invalidated: training_claims_approval.html (will reload from disk on next request)
🔄 [DC_CACHE] Cache invalidated: user_data_search.html (will reload from disk on next request)
🔄 [DC_CACHE] Cache invalidated: user_management.html (will reload from disk on next request)
🔄 [DC_CACHE] Cache invalidated: awards_approval.html (will reload from disk on next request)
🔄 [DC_CACHE] Cache invalidated: awards_approval_OLD_BACKUP.html (will reload from disk on next request)
🔄 [DC_CACHE] Cache invalidated: bonanza_procurement.html (will reload from disk on next request)
🔄 [DC_CACHE] Cache invalidated: income_finance_complete.html (will reload from disk on next request)
🔄 [DC_CACHE] Cache invalidated: kyc_banking_approval.html (will reload from disk on next request)
🔄 [DC_CACHE] Cache invalidated: partner_kyc_review.html (will reload from disk on next request)
🔄 [DC_CACHE] Cache invalidated: training_claims_approval.html (will reload from disk on next request)
🔄 [DC_CACHE] Cache invalidated: user_data_search.html (will reload from disk on next request)
🔄 [DC_CACHE] Cache invalidated: user_management.html (will reload from disk on next request)
